 gcc -g p1original.c
 gdb a.out
GNU gdb (Ubuntu 8.1.1-0ubuntu1) 8.1.1
Copyright (C) 2018 Free Software Foundation, Inc.
License GPLv3+: GNU GPL version 3 or later <http://gnu.org/licenses/gpl.html>
This is free software: you are free to change and redistribute it.
There is NO WARRANTY, to the extent permitted by law.  Type "show copying"
and "show warranty" for details.
This GDB was configured as "x86_64-linux-gnu".
Type "show configuration" for configuration details.
For bug reporting instructions, please see:
<http://www.gnu.org/software/gdb/bugs/>.
Find the GDB manual and other documentation resources online at:
<http://www.gnu.org/software/gdb/documentation/>.
For help, type "help".
Type "apropos word" to search for commands related to "word"...
Reading symbols from a.out...done.
(gdb) b main
Breakpoint 1 at 0x7fc: file p1original.c, line 16.
(gdb) r
Starting program: /home/runner/pps-IA1-practice-2/a.out 
warning: Error disabling address space randomization: Operation not permitted

Breakpoint 1, main () at p1original.c:16
16  {
(gdb) n
18    input(&a,&b);
(gdb) s
input (pa=0x7ffebaf429bc, pb=0x7ffebaf429c0) at p1original.c:4
4     printf("enter two numbers\n");
 
 gcc -g p1original.c
 gdb a.out
GNU gdb (Ubuntu 8.1.1-0ubuntu1) 8.1.1
Copyright (C) 2018 Free Software Foundation, Inc.
License GPLv3+: GNU GPL version 3 or later <http://gnu.org/licenses/gpl.html>
This is free software: you are free to change and redistribute it.
There is NO WARRANTY, to the extent permitted by law.  Type "show copying"
and "show warranty" for details.
This GDB was configured as "x86_64-linux-gnu".
Type "show configuration" for configuration details.
For bug reporting instructions, please see:
<http://www.gnu.org/software/gdb/bugs/>.
Find the GDB manual and other documentation resources online at:
<http://www.gnu.org/software/gdb/documentation/>.
For help, type "help".
Type "apropos word" to search for commands related to "word"...
Reading symbols from a.out...done.
(gdb) b main
Breakpoint 1 at 0x7fc: file p1original.c, line 16.
(gdb) r
Starting program: /home/runner/pps-IA1-practice-2/a.out 
warning: Error disabling address space randomization: Operation not permitted

Breakpoint 1, main () at p1original.c:16
16  {
(gdb) n
18    input(&a,&b);
(gdb) s
input (pa=0x7ffebc27b9ec, pb=0x7ffebc27b9f0) at p1original.c:4
 
 gcc -g p2original.c
 gdb a.out
GNU gdb (Ubuntu 8.1.1-0ubuntu1) 8.1.1
Copyright (C) 2018 Free Software Foundation, Inc.
License GPLv3+: GNU GPL version 3 or later <http://gnu.org/licenses/gpl.html>
This is free software: you are free to change and redistribute it.
There is NO WARRANTY, to the extent permitted by law.  Type "show copying"
and "show warranty" for details.
This GDB was configured as "x86_64-linux-gnu".
Type "show configuration" for configuration details.
For bug reporting instructions, please see:
<http://www.gnu.org/software/gdb/bugs/>.
Find the GDB manual and other documentation resources online at:
<http://www.gnu.org/software/gdb/documentation/>.
For help, type "help".
Type "apropos word" to search for commands related to "word"...
Reading symbols from a.out...done.
(gdb) b main
Breakpoint 1 at 0x81e: file p2original.c, line 30.
(gdb) r
Starting program: /home/runner/pps-IA1-practice-2/a.out 
warning: Error disabling address space randomization: Operation not permitted

Breakpoint 1, main () at p2original.c:30
30    x=input();
(gdb) s
input () at p2original.c:3
3   {
(gdb) n
5     printf("enter a number\n");
(gdb) n
enter a number
6     scanf("%d", &a);
(gdb) n
2
7     return a;
(gdb) n
8   }
(gdb) n
main () at p2original.c:31
31    y=input();
(gdb) s
input () at p2original.c:3
3   {
(gdb) n
5     printf("enter a number\n");
(gdb) n
enter a number
6     scanf("%d", &a);
(gdb) n
3
7     return a;
(gdb) n
8   }
(gdb) n
main () at p2original.c:32
32    z=input();
(gdb) s
input () at p2original.c:3
3   {
(gdb) n
5     printf("enter a number\n");
(gdb) n
enter a number
6     scanf("%d", &a);
(gdb) n
5
7     return a;
(gdb) n
8   }
(gdb) n
main () at p2original.c:33
33    g=largest(x, y, z);
 
 gcc -g p3original.c
 gdb a.out
GNU gdb (Ubuntu 8.1.1-0ubuntu1) 8.1.1
Copyright (C) 2018 Free Software Foundation, Inc.
License GPLv3+: GNU GPL version 3 or later <http://gnu.org/licenses/gpl.html>
This is free software: you are free to change and redistribute it.
There is NO WARRANTY, to the extent permitted by law.  Type "show copying"
and "show warranty" for details.
This GDB was configured as "x86_64-linux-gnu".
Type "show configuration" for configuration details.
For bug reporting instructions, please see:
<http://www.gnu.org/software/gdb/bugs/>.
Find the GDB manual and other documentation resources online at:
<http://www.gnu.org/software/gdb/documentation/>.
For help, type "help".
Type "apropos word" to search for commands related to "word"...
Reading symbols from a.out...done.
(gdb) b main
Breakpoint 1 at 0x81f: file p3original.c, line 25.
(gdb) r
Starting program: /home/runner/pps-IA1-practice-2/a.out 
warning: Error disabling address space randomization: Operation not permitted

Breakpoint 1, main () at p3original.c:25
25    int a=input();
(gdb) s
input () at p3original.c:3
3   {
(gdb) n
5     printf("enter a number\n");
(gdb) n
enter a number
6     scanf("%d",&n);
(gdb) n
5
7     return n;
(gdb) n
8   }
(gdb) n
main () at p3original.c:26
26    int b=calculate(a);
(gdb) s
calculate (n=5) at p3original.c:11
11    int i, sum=0;
(gdb) n
12    for (i=1;i<=n;++i)
(gdb) n
14      sum +=i;
(gdb) n
12    for (i=1;i<=n;++i)
(gdb) n
14      sum +=i;
(gdb) n
12    for (i=1;i<=n;++i)
(gdb) n
14      sum +=i;
(gdb) n
12    for (i=1;i<=n;++i)
(gdb) n
14      sum +=i;
(gdb) n
12    for (i=1;i<=n;++i)
(gdb) n
14      sum +=i;
(gdb) n
12    for (i=1;i<=n;++i)
(gdb) n
16    return sum;
(gdb) n
17  }
(gdb) n
main () at p3original.c:27
27    output(a,b);
(gdb) s
output (n=5, sum=15) at p3original.c:20
20    printf("sum=%d", sum);
(gdb) n
21    return 0;
(gdb) n
22  }
(gdb) c
Continuing.
sum=15[Inferior 1 (process 659) exited normally]
(gdb) 